// Jest Snapshot v1, https://goo.gl/fbAQLP

exports[`Page: Pokemon Detail Page should mount component properly 1`] = `
<div
  class=""
>
  <header
    class="flex items-center shadow-sm sticky top-0 backdrop-blur-sm"
  >
    <router-link
      class="back-btn pl-6 pr-4 py-5"
      to="/"
    >
      <icoback-stub />
    </router-link>
     
    <!---->
  </header>
   
  <!---->
</div>
`;

exports[`Page: Pokemon Detail Page should show pokemon species info, given data fetched 1`] = `
<main
  class="px-6 pt-5 pb-10"
>
  <div
    class="flex justify-center"
  >
    <img
      alt="charmander"
      class="w-[300px] h-auto"
      height="300"
      src="https://raw.githubusercontent.com/PokeAPI/sprites/master/sprites/pokemon/other/official-artwork/4.png"
      width="300"
    />
  </div>
   
  <article>
    <p
      class="mt-6"
    >
      Obviously prefers
hot places. When
it rains, steamis said to spout
from the tip of
its tail.
    </p>
  </article>
   
  <div
    class="mt-6"
  >
    <h2
      class="font-bold"
    >
      Type
    </h2>
     
    <pokemonlabeltypes-stub
      class="mt-3"
      types="[object Object]"
      variation="normal"
    />
  </div>
   
  <div
    class="mt-6"
  >
    <h2
      class="font-bold"
    >
      Stats
    </h2>
     
    <pokemonstats-stub
      class="mt-3"
      stats="[object Object],[object Object],[object Object],[object Object],[object Object],[object Object]"
    />
  </div>
</main>
`;
